     1                                  bits 32 
     2                                  
     3                                  global start        
     4                                  
     5                                  extern exit               
     6                                  import exit msvcrt.dll    
     7                                  
     8                                  
     9                                  segment data use32 class=data
    10 00000000 7FFF1201                    x dw -129, 10+100h+1000b
    11 00000004 08000000                    y dw 1001h >> 1001b, 128h & 128
    12 00000008 [0800]F8FF                  z dw z, $$-z
    13 0000000C [FCFFFFFF]-                 w dd x+y-z, w-y+x
    13 00000010 [08000000]         
    14 00000014 05000E00[0900]              h dw 101b, 11h-11b, h-11;, 101-h
    15 0000001A E6                          a db $$-$;, h-11b
    16 0000001B F8FFFFFF                    b dd h-b + 0ah - 0bh;, a+b-0bh + 2
    17 0000001F FC                          c db z-w;, 3-b
    18 00000020 FFFDFFFF                    d dw -513, 128^(~128)
    19 00000024 610000006200000063-         e dd 'a', 'b', 'c', 'ad', 'ed'
    19 0000002D 000000616400006564-
    19 00000036 0000               
    20 00000038 [0B00]                      f dw w-1;, [w-1]
    21 0000003A 6462<rept>                  g times 3 dw 'db'
    22 00000040 [2B00]                      k dw c+0ch;, 1 + 2b + 3h + a
    23 00000042 [24000000]                  m dd a + 0ah;, a + ah
    24 00000046 00000000                    s dd start-start1
    25                                  
    26                                  segment code use32 class=code
    27                                      start:
    28                                          
    29                                      start1:
    30                                      
    31 00000000 6A00                            push    dword 0 
