     1                                  bits 32 
     2                                  
     3                                  global start        
     4                                  
     5                                  extern exit               
     6                                  import exit msvcrt.dll    
     7                                  
     8                                  
     9                                  segment data use32 class=data
    10 00000000 00FF5602                    y dw -256, 256h
    11 00000004 00FF0000                    x dw 256|-256, 256h & 256
    12 00000008 00FC                        z db $-z, y-x
    13 0000000A 01FF                        db 'y' - 'x', 'x' - 'y'
    14 0000000C 8000                        a db 512 >> 2, -512 << 2
    14          ******************       warning: byte data exceeds bounds [-w+number-overflow]
    15 0000000E FCFF                        b dw z-a
    16 00000010 06000000                    c dd ($-b) + (d-$);, $-2*y + 3
    17 00000014 80FF                        d db -128, 128^(~128)
    18 00000016 <res 00000018>              e times 2 resw 6
    19 0000002E 3412000078560000-           times 2 dd 1234h, 5678h
    19 0000002E <rept>             
    20                                  
    21                                  
    22                                  segment code use32 class=code
    23                                      start:
    24                                          
    25                                          
    26                                      
    27 00000000 6A00                            push    dword 0 
    28 00000002 FF15[00000000]                  call    [exit]   
